Traceback (most recent call last):
  File "/usr/share/miniconda3/envs/2025-book-env/lib/python3.11/site-packages/jupyter_cache/executors/utils.py", line 58, in single_nb_execution
    executenb(
  File "/usr/share/miniconda3/envs/2025-book-env/lib/python3.11/site-packages/nbclient/client.py", line 1319, in execute
    return NotebookClient(nb=nb, resources=resources, km=km, **kwargs).execute()
           ^^^^^^^^^^^^^^^^^^^^^^^^^^^^^^^^^^^^^^^^^^^^^^^^^^^^^^^^^^^^^^^^^^^^^
  File "/usr/share/miniconda3/envs/2025-book-env/lib/python3.11/site-packages/jupyter_core/utils/__init__.py", line 165, in wrapped
    return loop.run_until_complete(inner)
           ^^^^^^^^^^^^^^^^^^^^^^^^^^^^^^
  File "/usr/share/miniconda3/envs/2025-book-env/lib/python3.11/asyncio/base_events.py", line 654, in run_until_complete
    return future.result()
           ^^^^^^^^^^^^^^^
  File "/usr/share/miniconda3/envs/2025-book-env/lib/python3.11/site-packages/nbclient/client.py", line 709, in async_execute
    await self.async_execute_cell(
  File "/usr/share/miniconda3/envs/2025-book-env/lib/python3.11/site-packages/nbclient/client.py", line 1062, in async_execute_cell
    await self._check_raise_for_error(cell, cell_index, exec_reply)
  File "/usr/share/miniconda3/envs/2025-book-env/lib/python3.11/site-packages/nbclient/client.py", line 918, in _check_raise_for_error
    raise CellExecutionError.from_cell_and_msg(cell, exec_reply_content)
nbclient.exceptions.CellExecutionError: An error occurred while executing the following cell:
------------------
import pymc as pm
import arviz as az

print('Running on PyMC v{}'.format(pm.__version__))
------------------


[31m---------------------------------------------------------------------------[39m
[31mModuleNotFoundError[39m                       Traceback (most recent call last)
[36mCell[39m[36m [39m[32mIn[20][39m[32m, line 1[39m
[32m----> [39m[32m1[39m [38;5;28;01mimport[39;00m[38;5;250m [39m[34;01mpymc[39;00m[38;5;250m [39m[38;5;28;01mas[39;00m[38;5;250m [39m[34;01mpm[39;00m
[32m      2[39m [38;5;28;01mimport[39;00m[38;5;250m [39m[34;01marviz[39;00m[38;5;250m [39m[38;5;28;01mas[39;00m[38;5;250m [39m[34;01maz[39;00m
[32m      4[39m [38;5;28mprint[39m([33m'[39m[33mRunning on PyMC v[39m[38;5;132;01m{}[39;00m[33m'[39m.format(pm.__version__))

[36mFile [39m[32m/usr/share/miniconda3/envs/2025-book-env/lib/python3.11/site-packages/pymc/__init__.py:48[39m
[32m     43[39m     augmented = [33mf[39m[33m"[39m[38;5;132;01m{[39;00maugmented[38;5;132;01m}[39;00m[33m -fno-unwind-tables -fno-asynchronous-unwind-tables[39m[33m"[39m
[32m     45[39m     pytensor.config.gcc__cxxflags = augmented
[32m---> [39m[32m48[39m [43m__set_compiler_flags[49m[43m([49m[43m)[49m
[32m     50[39m [38;5;28;01mfrom[39;00m[38;5;250m [39m[34;01mpymc[39;00m[38;5;250m [39m[38;5;28;01mimport[39;00m _version, gp, ode, sampling
[32m     51[39m [38;5;28;01mfrom[39;00m[38;5;250m [39m[34;01mpymc[39;00m[34;01m.[39;00m[34;01mbackends[39;00m[38;5;250m [39m[38;5;28;01mimport[39;00m *

[36mFile [39m[32m/usr/share/miniconda3/envs/2025-book-env/lib/python3.11/site-packages/pymc/__init__.py:31[39m, in [36m__set_compiler_flags[39m[34m()[39m
[32m     29[39m [38;5;28;01mdef[39;00m[38;5;250m [39m[34m__set_compiler_flags[39m():
[32m     30[39m     [38;5;66;03m# Workarounds for PyTensor compiler problems on various platforms[39;00m
[32m---> [39m[32m31[39m     [38;5;28;01mimport[39;00m[38;5;250m [39m[34;01mpytensor[39;00m
[32m     33[39m     current = pytensor.config.gcc__cxxflags
[32m     34[39m     augmented = [33mf[39m[33m"[39m[38;5;132;01m{[39;00mcurrent[38;5;132;01m}[39;00m[33m -Wno-c++11-narrowing[39m[33m"[39m

[36mFile [39m[32m/usr/share/miniconda3/envs/2025-book-env/lib/python3.11/site-packages/pytensor/__init__.py:120[39m
[32m    116[39m     [38;5;28;01mreturn[39;00m as_tensor_variable(x, **kwargs)
[32m    119[39m [38;5;66;03m# isort: off[39;00m
[32m--> [39m[32m120[39m [38;5;28;01mfrom[39;00m[38;5;250m [39m[34;01mpytensor[39;00m[38;5;250m [39m[38;5;28;01mimport[39;00m scalar, tensor
[32m    121[39m [38;5;28;01mfrom[39;00m[38;5;250m [39m[34;01mpytensor[39;00m[34;01m.[39;00m[34;01mcompile[39;00m[38;5;250m [39m[38;5;28;01mimport[39;00m (
[32m    122[39m     In,
[32m    123[39m     Mode,
[32m   (...)[39m[32m    129[39m     shared,
[32m    130[39m )
[32m    131[39m [38;5;28;01mfrom[39;00m[38;5;250m [39m[34;01mpytensor[39;00m[34;01m.[39;00m[34;01mcompile[39;00m[34;01m.[39;00m[34;01mfunction[39;00m[38;5;250m [39m[38;5;28;01mimport[39;00m function, function_dump

[36mFile [39m[32m/usr/share/miniconda3/envs/2025-book-env/lib/python3.11/site-packages/pytensor/tensor/__init__.py:103[39m
[32m     99[39m     [38;5;28;01mreturn[39;00m [38;5;28mlen[39m(var.data)
[32m    102[39m [38;5;28;01mimport[39;00m[38;5;250m [39m[34;01mpytensor[39;00m[34;01m.[39;00m[34;01mtensor[39;00m[34;01m.[39;00m[34;01mexceptions[39;00m
[32m--> [39m[32m103[39m [38;5;28;01mimport[39;00m[38;5;250m [39m[34;01mpytensor[39;00m[34;01m.[39;00m[34;01mtensor[39;00m[34;01m.[39;00m[34;01mrewriting[39;00m
[32m    104[39m [38;5;28;01mfrom[39;00m[38;5;250m [39m[34;01mpytensor[39;00m[34;01m.[39;00m[34;01mgradient[39;00m[38;5;250m [39m[38;5;28;01mimport[39;00m grad, hessian, jacobian
[32m    106[39m [38;5;66;03m# adds shared-variable constructors[39;00m

[36mFile [39m[32m/usr/share/miniconda3/envs/2025-book-env/lib/python3.11/site-packages/pytensor/tensor/rewriting/__init__.py:1[39m
[32m----> [39m[32m1[39m [38;5;28;01mimport[39;00m[38;5;250m [39m[34;01mpytensor[39;00m[34;01m.[39;00m[34;01mtensor[39;00m[34;01m.[39;00m[34;01mrewriting[39;00m[34;01m.[39;00m[34;01mbasic[39;00m
[32m      2[39m [38;5;28;01mimport[39;00m[38;5;250m [39m[34;01mpytensor[39;00m[34;01m.[39;00m[34;01mtensor[39;00m[34;01m.[39;00m[34;01mrewriting[39;00m[34;01m.[39;00m[34;01mblas[39;00m
[32m      3[39m [38;5;28;01mimport[39;00m[38;5;250m [39m[34;01mpytensor[39;00m[34;01m.[39;00m[34;01mtensor[39;00m[34;01m.[39;00m[34;01mrewriting[39;00m[34;01m.[39;00m[34;01mblas_c[39;00m

[36mFile [39m[32m/usr/share/miniconda3/envs/2025-book-env/lib/python3.11/site-packages/pytensor/tensor/rewriting/basic.py:28[39m
[32m     25[39m [38;5;28;01mimport[39;00m[38;5;250m [39m[34;01mlogging[39;00m
[32m     27[39m [38;5;28;01mimport[39;00m[38;5;250m [39m[34;01mnumpy[39;00m[38;5;250m [39m[38;5;28;01mas[39;00m[38;5;250m [39m[34;01mnp[39;00m
[32m---> [39m[32m28[39m [38;5;28;01mfrom[39;00m[38;5;250m [39m[34;01mnumpy[39;00m[34;01m.[39;00m[34;01mlib[39;00m[34;01m.[39;00m[34;01marray_utils[39;00m[38;5;250m [39m[38;5;28;01mimport[39;00m normalize_axis_index
[32m     30[39m [38;5;28;01mfrom[39;00m[38;5;250m [39m[34;01mpytensor[39;00m[38;5;250m [39m[38;5;28;01mimport[39;00m [38;5;28mcompile[39m, config
[32m     31[39m [38;5;28;01mfrom[39;00m[38;5;250m [39m[34;01mpytensor[39;00m[34;01m.[39;00m[34;01mcompile[39;00m[34;01m.[39;00m[34;01mops[39;00m[38;5;250m [39m[38;5;28;01mimport[39;00m ViewOp

[31mModuleNotFoundError[39m: No module named 'numpy.lib.array_utils'

