Traceback (most recent call last):
  File "/usr/share/miniconda3/envs/2025-book-env/lib/python3.11/site-packages/jupyter_cache/executors/utils.py", line 58, in single_nb_execution
    executenb(
  File "/usr/share/miniconda3/envs/2025-book-env/lib/python3.11/site-packages/nbclient/client.py", line 1323, in execute
    return NotebookClient(nb=nb, resources=resources, km=km, **kwargs).execute()
           ^^^^^^^^^^^^^^^^^^^^^^^^^^^^^^^^^^^^^^^^^^^^^^^^^^^^^^^^^^^^^^^^^^^^^
  File "/usr/share/miniconda3/envs/2025-book-env/lib/python3.11/site-packages/jupyter_core/utils/__init__.py", line 165, in wrapped
    return loop.run_until_complete(inner)
           ^^^^^^^^^^^^^^^^^^^^^^^^^^^^^^
  File "/usr/share/miniconda3/envs/2025-book-env/lib/python3.11/asyncio/base_events.py", line 654, in run_until_complete
    return future.result()
           ^^^^^^^^^^^^^^^
  File "/usr/share/miniconda3/envs/2025-book-env/lib/python3.11/site-packages/nbclient/client.py", line 709, in async_execute
    await self.async_execute_cell(
  File "/usr/share/miniconda3/envs/2025-book-env/lib/python3.11/site-packages/nbclient/client.py", line 1062, in async_execute_cell
    await self._check_raise_for_error(cell, cell_index, exec_reply)
  File "/usr/share/miniconda3/envs/2025-book-env/lib/python3.11/site-packages/nbclient/client.py", line 918, in _check_raise_for_error
    raise CellExecutionError.from_cell_and_msg(cell, exec_reply_content)
nbclient.exceptions.CellExecutionError: An error occurred while executing the following cell:
------------------
%matplotlib inline
import matplotlib.pyplot as plt
import numpy as np
import seaborn; seaborn.set("talk") # for plot formatting
import scipy.stats as stats
from scipy import linalg

from cycler import cycler
from matplotlib.cm import get_cmap

------------------


[31m---------------------------------------------------------------------------[39m
[31mImportError[39m                               Traceback (most recent call last)
[36mCell[39m[36m [39m[32mIn[1][39m[32m, line 9[39m
[32m      5[39m [38;5;28;01mimport[39;00m scipy.stats [38;5;28;01mas[39;00m stats
[32m      6[39m [38;5;28;01mfrom[39;00m scipy [38;5;28;01mimport[39;00m linalg
[32m      7[39m 
[32m      8[39m [38;5;28;01mfrom[39;00m cycler [38;5;28;01mimport[39;00m cycler
[32m----> [39m[32m9[39m [38;5;28;01mfrom[39;00m matplotlib.cm [38;5;28;01mimport[39;00m get_cmap

[31mImportError[39m: cannot import name 'get_cmap' from 'matplotlib.cm' (/usr/share/miniconda3/envs/2025-book-env/lib/python3.11/site-packages/matplotlib/cm.py)

