Traceback (most recent call last):
  File "/usr/share/miniconda3/envs/2025-book-env/lib/python3.11/site-packages/jupyter_core/utils/__init__.py", line 154, in wrapped
    asyncio.get_running_loop()
RuntimeError: no running event loop

During handling of the above exception, another exception occurred:

Traceback (most recent call last):
  File "/usr/share/miniconda3/envs/2025-book-env/lib/python3.11/site-packages/jupyter_cache/executors/utils.py", line 58, in single_nb_execution
    executenb(
  File "/usr/share/miniconda3/envs/2025-book-env/lib/python3.11/site-packages/nbclient/client.py", line 1319, in execute
    return NotebookClient(nb=nb, resources=resources, km=km, **kwargs).execute()
           ^^^^^^^^^^^^^^^^^^^^^^^^^^^^^^^^^^^^^^^^^^^^^^^^^^^^^^^^^^^^^^^^^^^^^
  File "/usr/share/miniconda3/envs/2025-book-env/lib/python3.11/site-packages/jupyter_core/utils/__init__.py", line 158, in wrapped
    return loop.run_until_complete(inner)
           ^^^^^^^^^^^^^^^^^^^^^^^^^^^^^^
  File "/usr/share/miniconda3/envs/2025-book-env/lib/python3.11/asyncio/base_events.py", line 654, in run_until_complete
    return future.result()
           ^^^^^^^^^^^^^^^
  File "/usr/share/miniconda3/envs/2025-book-env/lib/python3.11/site-packages/nbclient/client.py", line 709, in async_execute
    await self.async_execute_cell(
  File "/usr/share/miniconda3/envs/2025-book-env/lib/python3.11/site-packages/nbclient/client.py", line 1062, in async_execute_cell
    await self._check_raise_for_error(cell, cell_index, exec_reply)
  File "/usr/share/miniconda3/envs/2025-book-env/lib/python3.11/site-packages/nbclient/client.py", line 918, in _check_raise_for_error
    raise CellExecutionError.from_cell_and_msg(cell, exec_reply_content)
nbclient.exceptions.CellExecutionError: An error occurred while executing the following cell:
------------------
GPy.util.datasets.authorize_download = lambda x: True 
                          # prevents requesting authorization for download.
data = GPy.util.datasets.olympic_marathon_men()
print(data['details'])
------------------

----- stdout -----
olympicMarathonTimes.csv
Downloading  http://staffwww.dcs.shef.ac.uk/people/N.Lawrence/dataset_mirror/olympic_marathon_men/olympicMarathonTimes.csv -> /home/runner/tmp/GPy-datasets/olympic_marathon_men/olympicMarathonTimes.csv
------------------

[31m---------------------------------------------------------------------------[39m
[31mHTTPError[39m                                 Traceback (most recent call last)
[36mFile [39m[32m/usr/share/miniconda3/envs/2025-book-env/lib/python3.11/site-packages/GPy/util/datasets.py:130[39m, in [36mdownload_url[39m[34m(url, store_directory, save_name, messages, suffix)[39m
[32m    129[39m [38;5;28;01mtry[39;00m:
[32m--> [39m[32m130[39m     response = [43murlopen[49m[43m([49m[43murl[49m[43m+[49m[43msuffix[49m[43m)[49m
[32m    131[39m [38;5;28;01mexcept[39;00m URLError [38;5;28;01mas[39;00m e:

[36mFile [39m[32m/usr/share/miniconda3/envs/2025-book-env/lib/python3.11/urllib/request.py:216[39m, in [36murlopen[39m[34m(url, data, timeout, cafile, capath, cadefault, context)[39m
[32m    215[39m     opener = _opener
[32m--> [39m[32m216[39m [38;5;28;01mreturn[39;00m [43mopener[49m[43m.[49m[43mopen[49m[43m([49m[43murl[49m[43m,[49m[43m [49m[43mdata[49m[43m,[49m[43m [49m[43mtimeout[49m[43m)[49m

[36mFile [39m[32m/usr/share/miniconda3/envs/2025-book-env/lib/python3.11/urllib/request.py:525[39m, in [36mOpenerDirector.open[39m[34m(self, fullurl, data, timeout)[39m
[32m    524[39m     meth = [38;5;28mgetattr[39m(processor, meth_name)
[32m--> [39m[32m525[39m     response = [43mmeth[49m[43m([49m[43mreq[49m[43m,[49m[43m [49m[43mresponse[49m[43m)[49m
[32m    527[39m [38;5;28;01mreturn[39;00m response

[36mFile [39m[32m/usr/share/miniconda3/envs/2025-book-env/lib/python3.11/urllib/request.py:634[39m, in [36mHTTPErrorProcessor.http_response[39m[34m(self, request, response)[39m
[32m    633[39m [38;5;28;01mif[39;00m [38;5;129;01mnot[39;00m ([32m200[39m <= code < [32m300[39m):
[32m--> [39m[32m634[39m     response = [38;5;28;43mself[39;49m[43m.[49m[43mparent[49m[43m.[49m[43merror[49m[43m([49m
[32m    635[39m [43m        [49m[33;43m'[39;49m[33;43mhttp[39;49m[33;43m'[39;49m[43m,[49m[43m [49m[43mrequest[49m[43m,[49m[43m [49m[43mresponse[49m[43m,[49m[43m [49m[43mcode[49m[43m,[49m[43m [49m[43mmsg[49m[43m,[49m[43m [49m[43mhdrs[49m[43m)[49m
[32m    637[39m [38;5;28;01mreturn[39;00m response

[36mFile [39m[32m/usr/share/miniconda3/envs/2025-book-env/lib/python3.11/urllib/request.py:557[39m, in [36mOpenerDirector.error[39m[34m(self, proto, *args)[39m
[32m    556[39m args = ([38;5;28mdict[39m, proto, meth_name) + args
[32m--> [39m[32m557[39m result = [38;5;28;43mself[39;49m[43m.[49m[43m_call_chain[49m[43m([49m[43m*[49m[43margs[49m[43m)[49m
[32m    558[39m [38;5;28;01mif[39;00m result:

[36mFile [39m[32m/usr/share/miniconda3/envs/2025-book-env/lib/python3.11/urllib/request.py:496[39m, in [36mOpenerDirector._call_chain[39m[34m(self, chain, kind, meth_name, *args)[39m
[32m    495[39m func = [38;5;28mgetattr[39m(handler, meth_name)
[32m--> [39m[32m496[39m result = [43mfunc[49m[43m([49m[43m*[49m[43margs[49m[43m)[49m
[32m    497[39m [38;5;28;01mif[39;00m result [38;5;129;01mis[39;00m [38;5;129;01mnot[39;00m [38;5;28;01mNone[39;00m:

[36mFile [39m[32m/usr/share/miniconda3/envs/2025-book-env/lib/python3.11/urllib/request.py:749[39m, in [36mHTTPRedirectHandler.http_error_302[39m[34m(self, req, fp, code, msg, headers)[39m
[32m    747[39m fp.close()
[32m--> [39m[32m749[39m [38;5;28;01mreturn[39;00m [38;5;28;43mself[39;49m[43m.[49m[43mparent[49m[43m.[49m[43mopen[49m[43m([49m[43mnew[49m[43m,[49m[43m [49m[43mtimeout[49m[43m=[49m[43mreq[49m[43m.[49m[43mtimeout[49m[43m)[49m

[36mFile [39m[32m/usr/share/miniconda3/envs/2025-book-env/lib/python3.11/urllib/request.py:525[39m, in [36mOpenerDirector.open[39m[34m(self, fullurl, data, timeout)[39m
[32m    524[39m     meth = [38;5;28mgetattr[39m(processor, meth_name)
[32m--> [39m[32m525[39m     response = [43mmeth[49m[43m([49m[43mreq[49m[43m,[49m[43m [49m[43mresponse[49m[43m)[49m
[32m    527[39m [38;5;28;01mreturn[39;00m response

[36mFile [39m[32m/usr/share/miniconda3/envs/2025-book-env/lib/python3.11/urllib/request.py:634[39m, in [36mHTTPErrorProcessor.http_response[39m[34m(self, request, response)[39m
[32m    633[39m [38;5;28;01mif[39;00m [38;5;129;01mnot[39;00m ([32m200[39m <= code < [32m300[39m):
[32m--> [39m[32m634[39m     response = [38;5;28;43mself[39;49m[43m.[49m[43mparent[49m[43m.[49m[43merror[49m[43m([49m
[32m    635[39m [43m        [49m[33;43m'[39;49m[33;43mhttp[39;49m[33;43m'[39;49m[43m,[49m[43m [49m[43mrequest[49m[43m,[49m[43m [49m[43mresponse[49m[43m,[49m[43m [49m[43mcode[49m[43m,[49m[43m [49m[43mmsg[49m[43m,[49m[43m [49m[43mhdrs[49m[43m)[49m
[32m    637[39m [38;5;28;01mreturn[39;00m response

[36mFile [39m[32m/usr/share/miniconda3/envs/2025-book-env/lib/python3.11/urllib/request.py:563[39m, in [36mOpenerDirector.error[39m[34m(self, proto, *args)[39m
[32m    562[39m args = ([38;5;28mdict[39m, [33m'[39m[33mdefault[39m[33m'[39m, [33m'[39m[33mhttp_error_default[39m[33m'[39m) + orig_args
[32m--> [39m[32m563[39m [38;5;28;01mreturn[39;00m [38;5;28;43mself[39;49m[43m.[49m[43m_call_chain[49m[43m([49m[43m*[49m[43margs[49m[43m)[49m

[36mFile [39m[32m/usr/share/miniconda3/envs/2025-book-env/lib/python3.11/urllib/request.py:496[39m, in [36mOpenerDirector._call_chain[39m[34m(self, chain, kind, meth_name, *args)[39m
[32m    495[39m func = [38;5;28mgetattr[39m(handler, meth_name)
[32m--> [39m[32m496[39m result = [43mfunc[49m[43m([49m[43m*[49m[43margs[49m[43m)[49m
[32m    497[39m [38;5;28;01mif[39;00m result [38;5;129;01mis[39;00m [38;5;129;01mnot[39;00m [38;5;28;01mNone[39;00m:

[36mFile [39m[32m/usr/share/miniconda3/envs/2025-book-env/lib/python3.11/urllib/request.py:643[39m, in [36mHTTPDefaultErrorHandler.http_error_default[39m[34m(self, req, fp, code, msg, hdrs)[39m
[32m    642[39m [38;5;28;01mdef[39;00m[38;5;250m [39m[34mhttp_error_default[39m([38;5;28mself[39m, req, fp, code, msg, hdrs):
[32m--> [39m[32m643[39m     [38;5;28;01mraise[39;00m HTTPError(req.full_url, code, msg, hdrs, fp)

[31mHTTPError[39m: HTTP Error 403: Forbidden

During handling of the above exception, another exception occurred:

[31mValueError[39m                                Traceback (most recent call last)
[36mCell[39m[36m [39m[32mIn[25][39m[32m, line 3[39m
[32m      1[39m GPy.util.datasets.authorize_download = [38;5;28;01mlambda[39;00m x: [38;5;28;01mTrue[39;00m 
[32m      2[39m                           [38;5;66;03m# prevents requesting authorization for download.[39;00m
[32m----> [39m[32m3[39m data = [43mGPy[49m[43m.[49m[43mutil[49m[43m.[49m[43mdatasets[49m[43m.[49m[43molympic_marathon_men[49m[43m([49m[43m)[49m
[32m      4[39m [38;5;28mprint[39m(data[[33m'[39m[33mdetails[39m[33m'[39m])

[36mFile [39m[32m/usr/share/miniconda3/envs/2025-book-env/lib/python3.11/site-packages/GPy/util/datasets.py:1251[39m, in [36molympic_marathon_men[39m[34m(data_set)[39m
[32m   1249[39m [38;5;28;01mdef[39;00m[38;5;250m [39m[34molympic_marathon_men[39m(data_set=[33m'[39m[33molympic_marathon_men[39m[33m'[39m):
[32m   1250[39m     [38;5;28;01mif[39;00m [38;5;129;01mnot[39;00m data_available(data_set):
[32m-> [39m[32m1251[39m         [43mdownload_data[49m[43m([49m[43mdata_set[49m[43m)[49m
[32m   1252[39m     olympics = np.genfromtxt(os.path.join(data_path, data_set, [33m'[39m[33molympicMarathonTimes.csv[39m[33m'[39m), delimiter=[33m'[39m[33m,[39m[33m'[39m)
[32m   1253[39m     X = olympics[:, [32m0[39m:[32m1[39m]

[36mFile [39m[32m/usr/share/miniconda3/envs/2025-book-env/lib/python3.11/site-packages/GPy/util/datasets.py:228[39m, in [36mdownload_data[39m[34m(dataset_name)[39m
[32m    226[39m [38;5;28;01mfor[39;00m url, files, save_names, suffices [38;5;129;01min[39;00m zip_longest(*zip_urls, fillvalue=[]):
[32m    227[39m     [38;5;28;01mfor[39;00m f, save_name, suffix [38;5;129;01min[39;00m zip_longest(files, save_names, suffices, fillvalue=[38;5;28;01mNone[39;00m):
[32m--> [39m[32m228[39m         [43mdownload_url[49m[43m([49m[43mos[49m[43m.[49m[43mpath[49m[43m.[49m[43mjoin[49m[43m([49m[43murl[49m[43m,[49m[43mf[49m[43m)[49m[43m,[49m[43m [49m[43mdataset_name[49m[43m,[49m[43m [49m[43msave_name[49m[43m,[49m[43m [49m[43msuffix[49m[43m=[49m[43msuffix[49m[43m)[49m
[32m    230[39m [38;5;28;01mreturn[39;00m [38;5;28;01mTrue[39;00m

[36mFile [39m[32m/usr/share/miniconda3/envs/2025-book-env/lib/python3.11/site-packages/GPy/util/datasets.py:136[39m, in [36mdownload_url[39m[34m(url, store_directory, save_name, messages, suffix)[39m
[32m    134[39m response = e
[32m    135[39m [38;5;28;01mif[39;00m response.code > [32m399[39m [38;5;129;01mand[39;00m response.code<[32m500[39m:
[32m--> [39m[32m136[39m     [38;5;28;01mraise[39;00m [38;5;167;01mValueError[39;00m([33m'[39m[33mTried url [39m[33m'[39m + url + suffix + [33m'[39m[33m and received client error [39m[33m'[39m + [38;5;28mstr[39m(response.code))
[32m    137[39m [38;5;28;01melif[39;00m response.code > [32m499[39m:
[32m    138[39m     [38;5;28;01mraise[39;00m [38;5;167;01mValueError[39;00m([33m'[39m[33mTried url [39m[33m'[39m + url + suffix + [33m'[39m[33m and received server error [39m[33m'[39m + [38;5;28mstr[39m(response.code))

[31mValueError[39m: Tried url http://staffwww.dcs.shef.ac.uk/people/N.Lawrence/dataset_mirror/olympic_marathon_men/olympicMarathonTimes.csv and received client error 403

